"""Тесты для функций add, subtract, multiply и divide."""
import unittest


def add(a, b):
    """Сложение двух чисел."""
    return a + b


def subtract(a, b):
    """Вычитание второго числа из первого."""
    return a - b


def multiply(a, b):
    """Умножение двух чисел."""
    return a * b


def divide(a, b):
    """Деление двух чисел."""
    if b == 0:
        raise ValueError("Деление на ноль недопустимо")
    return a / b


class TestCalc(unittest.TestCase):
    """Тесты для функций add, subtract, multiply и divide."""

    def test_add_positive_numbers(self):
        """Сложение положительных чисел."""
        self.assertEqual(add(2, 3), 5)

    def test_add_negative_numbers(self):
        """Сложение отрицательных чисел."""
        self.assertEqual(add(-2, -3), -5)

    def test_add_zero(self):
        """Сложение с нулём."""
        self.assertEqual(add(5, 0), 5)
        self.assertEqual(add(0, 5), 5)

    def test_subtract_positive_numbers(self):
        """Вычитание положительных чисел."""
        self.assertEqual(subtract(5, 3), 2)

    def test_subtract_negative_numbers(self):
        """Вычитание отрицательных чисел."""
        self.assertEqual(subtract(-5, -3), -2)

    def test_subtract_zero(self):
        """Вычитание нуля."""
        self.assertEqual(subtract(5, 0), 5)
        self.assertEqual(subtract(0, 5), -5)

    def test_multiply_positive_numbers(self):
        """Умножение положительных чисел."""
        self.assertEqual(multiply(2, 3), 6)

    def test_multiply_negative_numbers(self):
        """Умножение отрицательных чисел."""
        self.assertEqual(multiply(-2, -3), 6)

    def test_multiply_zero(self):
        """Умножение на ноль."""
        self.assertEqual(multiply(5, 0), 0)
        self.assertEqual(multiply(0, 5), 0)

    def test_divide_positive_numbers(self):
        """Деление положительных чисел."""
        self.assertEqual(divide(6, 3), 2)

    def test_divide_negative_numbers(self):
        """Деление отрицательных чисел."""
        self.assertEqual(divide(-6, -3), 2)

    def test_divide_by_zero(self):
        """Деление на ноль выбрасывает ValueError."""
        with self.assertRaises(ValueError):
            divide(5, 0)


if __name__ == "__main__":
    unittest.main()

